BL51 BANKED LINKER/LOCATER V6.22                                                        10/02/2017  00:22:51  PAGE 1


BL51 BANKED LINKER/LOCATER V6.22, INVOKED BY:
C:\KEIL_V5\C51\BIN\BL51.EXE .\Objects\8051_spi.obj TO .\Objects\spi_test PRINT (.\Listings\spi_test.m51) RAMSIZE (256)


MEMORY MODEL: SMALL


INPUT MODULES INCLUDED:
  .\Objects\8051_spi.obj (8051_SPI)
  C:\KEIL_V5\C51\LIB\C51S.LIB (?C_STARTUP)
  C:\KEIL_V5\C51\LIB\C51S.LIB (?C_INIT)


LINK MAP OF MODULE:  .\Objects\spi_test (8051_SPI)


            TYPE    BASE      LENGTH    RELOCATION   SEGMENT NAME
            -----------------------------------------------------

            * * * * * * *   D A T A   M E M O R Y   * * * * * * *
            REG     0000H     0008H     ABSOLUTE     "REG BANK 0"
            DATA    0008H     0001H     UNIT         ?DT?8051_SPI
                    0009H     0017H                  *** GAP ***
            BIT     0020H.0   0000H.1   UNIT         ?BI?8051_SPI
                    0020H.1   0000H.7                *** GAP ***
            IDATA   0021H     0001H     UNIT         ?STACK

            * * * * * * *   C O D E   M E M O R Y   * * * * * * *
            CODE    0000H     0003H     ABSOLUTE     
                    0003H     0048H                  *** GAP ***
            CODE    004BH     0003H     ABSOLUTE     
                    004EH     07B2H                  *** GAP ***
            CODE    0800H     008CH     UNIT         ?C_C51STARTUP
            CODE    088CH     0021H     UNIT         ?PR?_DELAY?8051_SPI
            CODE    08ADH     001CH     UNIT         ?PR?IT_SPI?8051_SPI
            CODE    08C9H     001AH     UNIT         ?PR?MAIN?8051_SPI
            CODE    08E3H     001AH     UNIT         ?PR?SPI_INIT?8051_SPI
            CODE    08FDH     0011H     UNIT         ?PR?_DAC?8051_SPI
            CODE    090EH     0003H     UNIT         ?C_INITSEG



OVERLAY MAP OF MODULE:   .\Objects\spi_test (8051_SPI)


SEGMENT
  +--> CALLED SEGMENT
---------------------
?C_C51STARTUP
  +--> ?PR?MAIN?8051_SPI
  +--> ?C_INITSEG

?PR?MAIN?8051_SPI
  +--> ?PR?SPI_INIT?8051_SPI
  +--> ?PR?_DAC?8051_SPI
  +--> ?PR?_DELAY?8051_SPI


BL51 BANKED LINKER/LOCATER V6.22                                                      10/02/2017  00:22:51  PAGE 2



SYMBOL TABLE OF MODULE:  .\Objects\spi_test (8051_SPI)

  VALUE           TYPE          NAME
  ----------------------------------

  -------         MODULE        8051_SPI
  C:0000H         SYMBOL        _ICE_DUMMY_
  D:0080H         PUBLIC        P0
  D:0008H         PUBLIC        serial_data
  D:0090H         PUBLIC        P1
  D:00A0H         PUBLIC        P2
  D:00B0H         PUBLIC        P3
  D:00C0H         PUBLIC        P4
  D:00C3H         PUBLIC        SPCON
  B:00A8H.7       PUBLIC        EA
  B:0090H.7       PUBLIC        LED7
  D:00C4H         PUBLIC        SPSTA
  D:00A8H         PUBLIC        IEN0
  D:00B1H         PUBLIC        IEN1
  D:00B8H         PUBLIC        IPL0
  B:0020H.0       PUBLIC        transmit_completed
  D:00D8H         PUBLIC        CCON
  C:08C9H         PUBLIC        main
  C:08FDH         PUBLIC        _dac
  C:08ADH         PUBLIC        it_SPI
  D:0098H         PUBLIC        SCON
  D:0088H         PUBLIC        TCON
  B:0090H.4       PUBLIC        CS_BAR
  D:00F8H         PUBLIC        UEPINT
  C:08E3H         PUBLIC        SPI_Init
  D:00C8H         PUBLIC        T2CON
  C:088CH         PUBLIC        _Delay
  D:00C5H         PUBLIC        SPDAT
  -------         PROC          MAIN
  C:08C9H         LINE#         13
  C:08C9H         LINE#         14
  C:08C9H         LINE#         15
  C:08CCH         LINE#         16
  C:08CEH         LINE#         18
  C:08D1H         LINE#         22
  C:08DFH         LINE#         23
  C:08E1H         LINE#         27
  -------         ENDPROC       MAIN
  -------         PROC          SPI_INIT
  C:08E3H         LINE#         32
  C:08E3H         LINE#         33
  C:08E3H         LINE#         34
  C:08E5H         LINE#         35
  C:08E8H         LINE#         36
  C:08EBH         LINE#         37
  C:08EEH         LINE#         38
  C:08F1H         LINE#         39
  C:08F4H         LINE#         40
  C:08F7H         LINE#         41
  C:08F9H         LINE#         42
  C:08FCH         LINE#         43
BL51 BANKED LINKER/LOCATER V6.22                                                      10/02/2017  00:22:51  PAGE 3


  -------         ENDPROC       SPI_INIT
  -------         PROC          _DAC
  D:0004H         SYMBOL        data1
  -------         DO            
  D:0007H         SYMBOL        upper_bits
  D:0006H         SYMBOL        lower_bits
  -------         ENDDO         
  C:08FDH         LINE#         46
  C:08FFH         LINE#         47
  C:08FFH         LINE#         52
  C:08FFH         LINE#         53
  C:0903H         LINE#         55
  C:0905H         LINE#         56
  C:0907H         LINE#         57
  C:0909H         LINE#         58
  C:0909H         LINE#         60
  C:090BH         LINE#         61
  C:090BH         LINE#         63
  C:090DH         LINE#         65
  -------         ENDPROC       _DAC
  -------         PROC          IT_SPI
  C:08ADH         LINE#         67
  C:08B6H         LINE#         69
  C:08BDH         LINE#         70
  C:08BDH         LINE#         71
  C:08BDH         LINE#         72
  C:08C0H         LINE#         73
  C:08C2H         LINE#         74
  C:08C2H         LINE#         76
  C:08C2H         LINE#         78
  C:08C2H         LINE#         80
  C:08C2H         LINE#         82
  C:08C2H         LINE#         83
  C:08C2H         LINE#         84
  -------         ENDPROC       IT_SPI
  -------         PROC          _DELAY
  D:0006H         SYMBOL        delay
  -------         DO            
  D:0004H         SYMBOL        d
  -------         ENDDO         
  C:088CH         LINE#         85
  C:088CH         LINE#         86
  C:088CH         LINE#         87
  C:088CH         LINE#         88
  C:0897H         LINE#         89
  C:0897H         LINE#         90
  C:08A5H         LINE#         91
  C:08AAH         LINE#         92
  C:08ACH         LINE#         93
  -------         ENDPROC       _DELAY
  -------         ENDMOD        8051_SPI

******************************************************************************
* RESTRICTED VERSION WITH 0800H BYTE CODE SIZE LIMIT; USED: 0087H BYTE ( 6%) *
******************************************************************************

Program Size: data=10.1 xdata=0 code=279
BL51 BANKED LINKER/LOCATER V6.22                                                      10/02/2017  00:22:51  PAGE 4


LINK/LOCATE RUN COMPLETE.  0 WARNING(S),  0 ERROR(S)
