BL51 BANKED LINKER/LOCATER V6.22                                                        10/08/2017  14:37:16  PAGE 1


BL51 BANKED LINKER/LOCATER V6.22, INVOKED BY:
C:\KEIL_V5\C51\BIN\BL51.EXE .\Objects\8051_spi.obj TO .\Objects\spi_test PRINT (.\Listings\spi_test.m51) RAMSIZE (256)


MEMORY MODEL: SMALL


INPUT MODULES INCLUDED:
  .\Objects\8051_spi.obj (8051_SPI)
  C:\KEIL_V5\C51\LIB\C51S.LIB (?C_STARTUP)
  C:\KEIL_V5\C51\LIB\C51S.LIB (?C_INIT)


LINK MAP OF MODULE:  .\Objects\spi_test (8051_SPI)


            TYPE    BASE      LENGTH    RELOCATION   SEGMENT NAME
            -----------------------------------------------------

            * * * * * * *   D A T A   M E M O R Y   * * * * * * *
            REG     0000H     0008H     ABSOLUTE     "REG BANK 0"
            DATA    0008H     0001H     UNIT         ?DT?8051_SPI
                    0009H     0017H                  *** GAP ***
            BIT     0020H.0   0000H.1   UNIT         ?BI?8051_SPI
                    0020H.1   0000H.7                *** GAP ***
            IDATA   0021H     0001H     UNIT         ?STACK

            * * * * * * *   C O D E   M E M O R Y   * * * * * * *
            CODE    0000H     0003H     ABSOLUTE     
                    0003H     0048H                  *** GAP ***
            CODE    004BH     0003H     ABSOLUTE     
                    004EH     07B2H                  *** GAP ***
            CODE    0800H     008CH     UNIT         ?C_C51STARTUP
            CODE    088CH     0021H     UNIT         ?PR?_DELAY?8051_SPI
            CODE    08ADH     001DH     UNIT         ?PR?_DAC?8051_SPI
            CODE    08CAH     001DH     UNIT         ?PR?IT_SPI?8051_SPI
            CODE    08E7H     001AH     UNIT         ?PR?MAIN?8051_SPI
            CODE    0901H     001AH     UNIT         ?PR?SPI_INIT?8051_SPI
            CODE    091BH     0003H     UNIT         ?C_INITSEG



OVERLAY MAP OF MODULE:   .\Objects\spi_test (8051_SPI)


SEGMENT
  +--> CALLED SEGMENT
---------------------
?C_C51STARTUP
  +--> ?PR?MAIN?8051_SPI
  +--> ?C_INITSEG

?PR?MAIN?8051_SPI
  +--> ?PR?SPI_INIT?8051_SPI
  +--> ?PR?_DAC?8051_SPI
  +--> ?PR?_DELAY?8051_SPI


BL51 BANKED LINKER/LOCATER V6.22                                                      10/08/2017  14:37:16  PAGE 2



SYMBOL TABLE OF MODULE:  .\Objects\spi_test (8051_SPI)

  VALUE           TYPE          NAME
  ----------------------------------

  -------         MODULE        8051_SPI
  C:0000H         SYMBOL        _ICE_DUMMY_
  D:0080H         PUBLIC        P0
  D:0008H         PUBLIC        serial_data
  D:0090H         PUBLIC        P1
  D:00A0H         PUBLIC        P2
  D:00B0H         PUBLIC        P3
  D:00C0H         PUBLIC        P4
  D:00C3H         PUBLIC        SPCON
  B:00A8H.7       PUBLIC        EA
  B:0090H.5       PUBLIC        LED5
  B:0090H.7       PUBLIC        LED7
  D:00C4H         PUBLIC        SPSTA
  D:00A8H         PUBLIC        IEN0
  D:00B1H         PUBLIC        IEN1
  D:00B8H         PUBLIC        IPL0
  B:0020H.0       PUBLIC        transmit_completed
  D:00D8H         PUBLIC        CCON
  C:08E7H         PUBLIC        main
  C:08ADH         PUBLIC        _dac
  C:08CAH         PUBLIC        it_SPI
  D:0098H         PUBLIC        SCON
  D:0088H         PUBLIC        TCON
  B:0090H.4       PUBLIC        CS_BAR
  D:00F8H         PUBLIC        UEPINT
  C:0901H         PUBLIC        SPI_Init
  D:00C8H         PUBLIC        T2CON
  C:088CH         PUBLIC        _Delay
  D:00C5H         PUBLIC        SPDAT
  -------         PROC          MAIN
  C:08E7H         LINE#         13
  C:08E7H         LINE#         14
  C:08E7H         LINE#         15
  C:08EAH         LINE#         16
  C:08ECH         LINE#         18
  C:08EFH         LINE#         20
  C:08EFH         LINE#         21
  C:08EFH         LINE#         22
  C:08FDH         LINE#         23
  C:08FFH         LINE#         26
  -------         ENDPROC       MAIN
  -------         PROC          SPI_INIT
  C:0901H         LINE#         32
  C:0901H         LINE#         33
  C:0901H         LINE#         34
  C:0903H         LINE#         35
  C:0906H         LINE#         36
  C:0909H         LINE#         37
  C:090CH         LINE#         38
  C:090FH         LINE#         39
  C:0912H         LINE#         40
BL51 BANKED LINKER/LOCATER V6.22                                                      10/08/2017  14:37:16  PAGE 3


  C:0915H         LINE#         41
  C:0917H         LINE#         42
  C:091AH         LINE#         43
  -------         ENDPROC       SPI_INIT
  -------         PROC          _DAC
  D:0004H         SYMBOL        dacval
  -------         DO            
  D:0007H         SYMBOL        sendval
  -------         ENDDO         
  C:08ADH         LINE#         46
  C:08B1H         LINE#         47
  C:08B1H         LINE#         48
  C:08B1H         LINE#         49
  C:08B5H         LINE#         50
  C:08B7H         LINE#         51
  C:08B9H         LINE#         52
  C:08BCH         LINE#         53
  C:08BEH         LINE#         54
  C:08C0H         LINE#         55
  C:08C2H         LINE#         56
  C:08C5H         LINE#         57
  C:08C7H         LINE#         58
  C:08C9H         LINE#         59
  -------         ENDPROC       _DAC
  -------         PROC          IT_SPI
  C:08CAH         LINE#         61
  C:08D3H         LINE#         62
  C:08D5H         LINE#         63
  C:08DCH         LINE#         64
  C:08DCH         LINE#         65
  C:08DCH         LINE#         67
  C:08DEH         LINE#         68
  C:08DEH         LINE#         70
  C:08DEH         LINE#         72
  C:08DEH         LINE#         74
  C:08DEH         LINE#         76
  C:08DEH         LINE#         78
  C:08DEH         LINE#         80
  C:08E0H         LINE#         81
  -------         ENDPROC       IT_SPI
  -------         PROC          _DELAY
  D:0006H         SYMBOL        delay
  -------         DO            
  D:0004H         SYMBOL        d
  -------         ENDDO         
  C:088CH         LINE#         82
  C:088CH         LINE#         83
  C:088CH         LINE#         84
  C:088CH         LINE#         85
  C:0897H         LINE#         86
  C:0897H         LINE#         87
  C:08A5H         LINE#         88
  C:08AAH         LINE#         89
  C:08ACH         LINE#         90
  -------         ENDPROC       _DELAY
  -------         ENDMOD        8051_SPI

BL51 BANKED LINKER/LOCATER V6.22                                                      10/08/2017  14:37:16  PAGE 4


******************************************************************************
* RESTRICTED VERSION WITH 0800H BYTE CODE SIZE LIMIT; USED: 0094H BYTE ( 7%) *
******************************************************************************

Program Size: data=10.1 xdata=0 code=292
LINK/LOCATE RUN COMPLETE.  0 WARNING(S),  0 ERROR(S)
