BL51 BANKED LINKER/LOCATER V6.22                                                        10/01/2017  23:05:27  PAGE 1


BL51 BANKED LINKER/LOCATER V6.22, INVOKED BY:
C:\KEIL_V5\C51\BIN\BL51.EXE .\Objects\8051_spi.obj TO .\Objects\spi_test PRINT (.\Listings\spi_test.m51) RAMSIZE (256)


MEMORY MODEL: SMALL


INPUT MODULES INCLUDED:
  .\Objects\8051_spi.obj (8051_SPI)
  C:\KEIL_V5\C51\LIB\C51S.LIB (?C_STARTUP)
  C:\KEIL_V5\C51\LIB\C51S.LIB (?C_INIT)


LINK MAP OF MODULE:  .\Objects\spi_test (8051_SPI)


            TYPE    BASE      LENGTH    RELOCATION   SEGMENT NAME
            -----------------------------------------------------

            * * * * * * *   D A T A   M E M O R Y   * * * * * * *
            REG     0000H     0008H     ABSOLUTE     "REG BANK 0"
            DATA    0008H     0001H     UNIT         ?DT?8051_SPI
                    0009H     0017H                  *** GAP ***
            BIT     0020H.0   0000H.1   UNIT         ?BI?8051_SPI
                    0020H.1   0000H.7                *** GAP ***
            IDATA   0021H     0001H     UNIT         ?STACK

            * * * * * * *   C O D E   M E M O R Y   * * * * * * *
            CODE    0000H     0003H     ABSOLUTE     
                    0003H     0048H                  *** GAP ***
            CODE    004BH     0003H     ABSOLUTE     
                    004EH     07B2H                  *** GAP ***
            CODE    0800H     008CH     UNIT         ?C_C51STARTUP
            CODE    088CH     002CH     UNIT         ?PR?MAIN?8051_SPI
            CODE    08B8H     0021H     UNIT         ?PR?_DELAY?8051_SPI
            CODE    08D9H     001CH     UNIT         ?PR?IT_SPI?8051_SPI
            CODE    08F5H     001BH     UNIT         ?PR?_DAC?8051_SPI
            CODE    0910H     001AH     UNIT         ?PR?SPI_INIT?8051_SPI
            CODE    092AH     0003H     UNIT         ?C_INITSEG



OVERLAY MAP OF MODULE:   .\Objects\spi_test (8051_SPI)


SEGMENT
  +--> CALLED SEGMENT
---------------------
?C_C51STARTUP
  +--> ?PR?MAIN?8051_SPI
  +--> ?C_INITSEG

?PR?MAIN?8051_SPI
  +--> ?PR?SPI_INIT?8051_SPI
  +--> ?PR?_DAC?8051_SPI
  +--> ?PR?_DELAY?8051_SPI


BL51 BANKED LINKER/LOCATER V6.22                                                      10/01/2017  23:05:27  PAGE 2



SYMBOL TABLE OF MODULE:  .\Objects\spi_test (8051_SPI)

  VALUE           TYPE          NAME
  ----------------------------------

  -------         MODULE        8051_SPI
  C:0000H         SYMBOL        _ICE_DUMMY_
  D:0080H         PUBLIC        P0
  D:0008H         PUBLIC        serial_data
  D:0090H         PUBLIC        P1
  D:00A0H         PUBLIC        P2
  D:00B0H         PUBLIC        P3
  D:00C0H         PUBLIC        P4
  D:00C3H         PUBLIC        SPCON
  B:00A8H.7       PUBLIC        EA
  D:00C4H         PUBLIC        SPSTA
  D:00A8H         PUBLIC        IEN0
  D:00B1H         PUBLIC        IEN1
  D:00B8H         PUBLIC        IPL0
  B:0020H.0       PUBLIC        transmit_completed
  D:00D8H         PUBLIC        CCON
  C:088CH         PUBLIC        main
  C:08F5H         PUBLIC        _dac
  C:08D9H         PUBLIC        it_SPI
  D:0098H         PUBLIC        SCON
  D:0088H         PUBLIC        TCON
  B:0090H.4       PUBLIC        CS_BAR
  D:00F8H         PUBLIC        UEPINT
  C:0910H         PUBLIC        SPI_Init
  D:00C8H         PUBLIC        T2CON
  C:08B8H         PUBLIC        _Delay
  D:00C5H         PUBLIC        SPDAT
  -------         PROC          MAIN
  C:088CH         LINE#         11
  C:088CH         LINE#         12
  C:088CH         LINE#         13
  C:088FH         LINE#         14
  C:0891H         LINE#         15
  C:0894H         LINE#         16
  C:0897H         LINE#         18
  C:089AH         LINE#         19
  C:089AH         LINE#         20
  C:089AH         LINE#         21
  C:08A8H         LINE#         22
  C:08B6H         LINE#         23
  -------         ENDPROC       MAIN
  -------         PROC          SPI_INIT
  C:0910H         LINE#         28
  C:0910H         LINE#         29
  C:0910H         LINE#         30
  C:0912H         LINE#         31
  C:0915H         LINE#         32
  C:0918H         LINE#         33
  C:091BH         LINE#         34
  C:091EH         LINE#         35
  C:0921H         LINE#         36
BL51 BANKED LINKER/LOCATER V6.22                                                      10/01/2017  23:05:27  PAGE 3


  C:0924H         LINE#         37
  C:0926H         LINE#         38
  C:0929H         LINE#         39
  -------         ENDPROC       SPI_INIT
  -------         PROC          _DAC
  D:0004H         SYMBOL        data1
  -------         DO            
  D:0007H         SYMBOL        upper_bits
  D:0006H         SYMBOL        lower_bits
  -------         ENDDO         
  C:08F5H         LINE#         42
  C:08F7H         LINE#         43
  C:08F7H         LINE#         48
  C:08F7H         LINE#         49
  C:08FBH         LINE#         51
  C:08FDH         LINE#         52
  C:08FFH         LINE#         53
  C:0901H         LINE#         54
  C:0904H         LINE#         55
  C:0906H         LINE#         56
  C:0908H         LINE#         57
  C:090BH         LINE#         58
  C:090DH         LINE#         59
  C:090FH         LINE#         60
  -------         ENDPROC       _DAC
  -------         PROC          IT_SPI
  C:08D9H         LINE#         62
  C:08E2H         LINE#         64
  C:08E9H         LINE#         65
  C:08E9H         LINE#         66
  C:08E9H         LINE#         67
  C:08ECH         LINE#         68
  C:08EEH         LINE#         69
  C:08EEH         LINE#         71
  C:08EEH         LINE#         73
  C:08EEH         LINE#         75
  C:08EEH         LINE#         77
  C:08EEH         LINE#         78
  C:08EEH         LINE#         79
  -------         ENDPROC       IT_SPI
  -------         PROC          _DELAY
  D:0006H         SYMBOL        delay
  -------         DO            
  D:0004H         SYMBOL        d
  -------         ENDDO         
  C:08B8H         LINE#         80
  C:08B8H         LINE#         81
  C:08B8H         LINE#         82
  C:08B8H         LINE#         83
  C:08C3H         LINE#         84
  C:08C3H         LINE#         85
  C:08D1H         LINE#         86
  C:08D6H         LINE#         87
  C:08D8H         LINE#         88
  -------         ENDPROC       _DELAY
  -------         ENDMOD        8051_SPI

BL51 BANKED LINKER/LOCATER V6.22                                                      10/01/2017  23:05:27  PAGE 4


******************************************************************************
* RESTRICTED VERSION WITH 0800H BYTE CODE SIZE LIMIT; USED: 00A3H BYTE ( 7%) *
******************************************************************************

Program Size: data=10.1 xdata=0 code=307
LINK/LOCATE RUN COMPLETE.  0 WARNING(S),  0 ERROR(S)
