C51 COMPILER V9.56.0.0   KEYPAD_SIN                                                        10/03/2017 21:55:20 PAGE 1   


C51 COMPILER V9.56.0.0, COMPILATION OF MODULE KEYPAD_SIN
OBJECT MODULE PLACED IN .\Objects\keypad_sin.obj
COMPILER INVOKED BY: C:\Keil_v5\C51\BIN\C51.EXE keypad_sin.c OPTIMIZE(8,SPEED) BROWSE DEBUG OBJECTEXTEND PRINT(.\Listing
                    -s\keypad_sin.lst) TABS(2) OBJECT(.\Objects\keypad_sin.obj)

line level    source

   1          #include "at89c5131.h"
   2          #include "stdio.h"
   3          #include "math.h"
   4          
   5          sbit op = P0^0;
   6          int input=0,x = 0;
   7          
   8          void delay_5us(int delay);
   9          void transmit_data(unsigned char str);
  10          void transmit_string(char* str,unsigned int  n);
  11          void init_serial();
  12          void outputTone(void);
  13          
  14          void main()
  15          {
  16   1      P1 = 0x00;  //JUST TO SAVE POWER :P
  17   1      P0 = 0x00;  // making P0^1 AS OUTPUT is enough though
  18   1      init_serial();
  19   1      transmit_string("Tone Generator",14);
  20   1      
  21   1      while(1)
  22   1      {
  23   2        ////////////////////////////////////////first
  24   2      
  25   2        if(input=='z') 
  26   2        {
  27   3          //transmit_string("z ",2);
  28   3          outputTone();   //1818
  29   3          //input =0;
  30   3          transmit_string("done ",4);
  31   3        }
  32   2      }
  33   1      
  34   1      }
  35          //-----------------------------------------outputTone-----------------------------
  36          void outputTone(void)
  37          {
  38   1        
  39   1      }
  40          //-----------------------------------------receive_data---------------------------
  41          void receive_data(void) interrupt 4
  42          {
  43   1      if(RI==1)
  44   1      {
  45   2        RI=0;
  46   2        input = SBUF;
  47   2      
  48   2      }
  49   1      else if(TI==1)
  50   1      {
  51   2        TI=0;
  52   2      }
  53   1      }
  54          //////////////////////////////////////////////////////////////////////////////////
C51 COMPILER V9.56.0.0   KEYPAD_SIN                                                        10/03/2017 21:55:20 PAGE 2   

  55          void transmit_string(char* str,unsigned char  n)
  56          {
*** WARNING C235 IN LINE 56 OF keypad_sin.c: parameter 2: different types
  57   1      //function to transmit string of size n over TxD pin.
  58   1      while(n>0)
  59   1        {
  60   2          transmit_data(*str);
  61   2          str++;
  62   2          n--;
  63   2          TI=0;
  64   2        }
  65   1      }
  66          ////////////////////////////////////////////////////////////////////////////////////////
  67          void transmit_data(unsigned char str)
  68          {
  69   1      //function to transmit data over TxD pin.
  70   1        EA = 0; 
  71   1        ACC = str;
  72   1        ACC = ACC+0;
  73   1        TB8 = PSW^0;
  74   1        SBUF = str;
  75   1        while(TI==0);
  76   1        EA =1;
  77   1      }
  78          //////////////////////////////////////////////////////////////////////////////////////////
  79          void init_serial()
  80          {
  81   1      //Initialize serial communication and interrupts
  82   1        SCON |= 0xD0;
  83   1        EA = 1;
  84   1        ES =1;
  85   1        TMOD |= 0x20;
  86   1        TH1 = 0xcc;
  87   1        TR1 = 1;
  88   1      }
  89          ////////////////////////////////////////////////////////////////////////////////////////////
  90          void delay_5us(int delay)
  91          {
  92   1        int d=0;
  93   1        while(delay>0)
  94   1        {
  95   2          for(d=0;d<2;d++);
  96   2          delay--;
  97   2        }
  98   1      }


MODULE INFORMATION:   STATIC OVERLAYABLE
   CODE SIZE        =    191    ----
   CONSTANT SIZE    =     21    ----
   XDATA SIZE       =   ----    ----
   PDATA SIZE       =   ----    ----
   DATA SIZE        =      4       4
   IDATA SIZE       =   ----    ----
   BIT SIZE         =   ----    ----
END OF MODULE INFORMATION.


C51 COMPILATION COMPLETE.  1 WARNING(S),  0 ERROR(S)
